###############################################################################
#
# IAR ELF Linker V7.80.2.11947/W32 for ARM                24/Nov/2019  15:25:59
# Copyright 2007-2016 IAR Systems AB.
#
#    Output file  =  
#        C:\Users\tlgus\Desktop\succesed
#        sensor\2019_Drone_rate\EWARM\2019_Drone\Exe\2019_Drone.out
#    Map file     =  
#        C:\Users\tlgus\Desktop\succesed
#        sensor\2019_Drone_rate\EWARM\2019_Drone\List\2019_Drone.map
#    Command line =  
#        "C:\Users\tlgus\Desktop\succesed
#        sensor\2019_Drone_rate\EWARM\2019_Drone\Obj\dma.o"
#        "C:\Users\tlgus\Desktop\succesed
#        sensor\2019_Drone_rate\EWARM\2019_Drone\Obj\gpio.o"
#        "C:\Users\tlgus\Desktop\succesed
#        sensor\2019_Drone_rate\EWARM\2019_Drone\Obj\main.o"
#        "C:\Users\tlgus\Desktop\succesed
#        sensor\2019_Drone_rate\EWARM\2019_Drone\Obj\main_process.o"
#        "C:\Users\tlgus\Desktop\succesed
#        sensor\2019_Drone_rate\EWARM\2019_Drone\Obj\mixer.o"
#        "C:\Users\tlgus\Desktop\succesed
#        sensor\2019_Drone_rate\EWARM\2019_Drone\Obj\pid_control.o"
#        "C:\Users\tlgus\Desktop\succesed
#        sensor\2019_Drone_rate\EWARM\2019_Drone\Obj\sbus.o"
#        "C:\Users\tlgus\Desktop\succesed
#        sensor\2019_Drone_rate\EWARM\2019_Drone\Obj\sensor_mti3.o"
#        "C:\Users\tlgus\Desktop\succesed
#        sensor\2019_Drone_rate\EWARM\2019_Drone\Obj\startup_stm32f767xx.o"
#        "C:\Users\tlgus\Desktop\succesed
#        sensor\2019_Drone_rate\EWARM\2019_Drone\Obj\stm32f7xx_hal.o"
#        "C:\Users\tlgus\Desktop\succesed
#        sensor\2019_Drone_rate\EWARM\2019_Drone\Obj\stm32f7xx_hal_cortex.o"
#        "C:\Users\tlgus\Desktop\succesed
#        sensor\2019_Drone_rate\EWARM\2019_Drone\Obj\stm32f7xx_hal_dma.o"
#        "C:\Users\tlgus\Desktop\succesed
#        sensor\2019_Drone_rate\EWARM\2019_Drone\Obj\stm32f7xx_hal_dma_ex.o"
#        "C:\Users\tlgus\Desktop\succesed
#        sensor\2019_Drone_rate\EWARM\2019_Drone\Obj\stm32f7xx_hal_exti.o"
#        "C:\Users\tlgus\Desktop\succesed
#        sensor\2019_Drone_rate\EWARM\2019_Drone\Obj\stm32f7xx_hal_flash.o"
#        "C:\Users\tlgus\Desktop\succesed
#        sensor\2019_Drone_rate\EWARM\2019_Drone\Obj\stm32f7xx_hal_flash_ex.o"
#        "C:\Users\tlgus\Desktop\succesed
#        sensor\2019_Drone_rate\EWARM\2019_Drone\Obj\stm32f7xx_hal_gpio.o"
#        "C:\Users\tlgus\Desktop\succesed
#        sensor\2019_Drone_rate\EWARM\2019_Drone\Obj\stm32f7xx_hal_i2c.o"
#        "C:\Users\tlgus\Desktop\succesed
#        sensor\2019_Drone_rate\EWARM\2019_Drone\Obj\stm32f7xx_hal_i2c_ex.o"
#        "C:\Users\tlgus\Desktop\succesed
#        sensor\2019_Drone_rate\EWARM\2019_Drone\Obj\stm32f7xx_hal_msp.o"
#        "C:\Users\tlgus\Desktop\succesed
#        sensor\2019_Drone_rate\EWARM\2019_Drone\Obj\stm32f7xx_hal_pwr.o"
#        "C:\Users\tlgus\Desktop\succesed
#        sensor\2019_Drone_rate\EWARM\2019_Drone\Obj\stm32f7xx_hal_pwr_ex.o"
#        "C:\Users\tlgus\Desktop\succesed
#        sensor\2019_Drone_rate\EWARM\2019_Drone\Obj\stm32f7xx_hal_rcc.o"
#        "C:\Users\tlgus\Desktop\succesed
#        sensor\2019_Drone_rate\EWARM\2019_Drone\Obj\stm32f7xx_hal_rcc_ex.o"
#        "C:\Users\tlgus\Desktop\succesed
#        sensor\2019_Drone_rate\EWARM\2019_Drone\Obj\stm32f7xx_hal_tim.o"
#        "C:\Users\tlgus\Desktop\succesed
#        sensor\2019_Drone_rate\EWARM\2019_Drone\Obj\stm32f7xx_hal_tim_ex.o"
#        "C:\Users\tlgus\Desktop\succesed
#        sensor\2019_Drone_rate\EWARM\2019_Drone\Obj\stm32f7xx_hal_uart.o"
#        "C:\Users\tlgus\Desktop\succesed
#        sensor\2019_Drone_rate\EWARM\2019_Drone\Obj\stm32f7xx_hal_uart_ex.o"
#        "C:\Users\tlgus\Desktop\succesed
#        sensor\2019_Drone_rate\EWARM\2019_Drone\Obj\stm32f7xx_it.o"
#        "C:\Users\tlgus\Desktop\succesed
#        sensor\2019_Drone_rate\EWARM\2019_Drone\Obj\system_stm32f7xx.o"
#        "C:\Users\tlgus\Desktop\succesed
#        sensor\2019_Drone_rate\EWARM\2019_Drone\Obj\tim.o"
#        "C:\Users\tlgus\Desktop\succesed
#        sensor\2019_Drone_rate\EWARM\2019_Drone\Obj\usart.o" --redirect
#        _Printf=_PrintfFull --redirect _Scanf=_ScanfFull -o
#        "C:\Users\tlgus\Desktop\succesed
#        sensor\2019_Drone_rate\EWARM\2019_Drone\Exe\2019_Drone.out" --map
#        "C:\Users\tlgus\Desktop\succesed
#        sensor\2019_Drone_rate\EWARM\2019_Drone\List\2019_Drone.map" --config
#        "C:\Users\tlgus\Desktop\succesed
#        sensor\2019_Drone_rate\EWARM/stm32f767xx_flash.icf" --semihosting
#        --entry __iar_program_start --vfe
#
###############################################################################

*******************************************************************************
*** RUNTIME MODEL ATTRIBUTES
***

CppFlavor       = *
__SystemLibrary = DLib


*******************************************************************************
*** PLACEMENT SUMMARY
***

"A0":  place at 0x08000000 { ro section .intvec };
"P1":  place in [from 0x08000000 to 0x081fffff] { ro };
"P2":  place in [from 0x20000000 to 0x2007ffff] { rw, block CSTACK, block HEAP };
initialize by copy { rw };

  Section            Kind        Address    Size  Object
  -------            ----        -------    ----  ------
"A0":                                      0x1f8
  .intvec            ro code  0x08000000   0x1f8  startup_stm32f767xx.o [1]
                            - 0x080001f8   0x1f8

"P1":                                     0x34fc
  .text              ro code  0x080001f8   0x76e  stm32f7xx_hal_tim.o [1]
  .text              ro code  0x08000968   0x26c  tim.o [1]
  .text              ro code  0x08000bd4     0x2  stm32f7xx_hal_tim.o [1]
  .text              ro code  0x08000bd6     0x2  stm32f7xx_hal_tim.o [1]
  .text              ro code  0x08000bd8     0x2  stm32f7xx_hal_tim.o [1]
  .text              ro code  0x08000bda     0x2  stm32f7xx_hal_tim.o [1]
  .text              ro code  0x08000bdc     0x2  stm32f7xx_hal_tim_ex.o [1]
  .text              ro code  0x08000bde     0x2  stm32f7xx_hal_tim_ex.o [1]
  .text              ro code  0x08000be0     0x2  stm32f7xx_hal_tim.o [1]
  .text              ro code  0x08000be2     0x2  stm32f7xx_hal_tim_ex.o [1]
  .text              ro code  0x08000be4     0x2  stm32f7xx_hal_tim.o [1]
  .text              ro code  0x08000be8     0x6  ABImemclr4.o [5]
  .text              ro code  0x08000bf0    0xe2  main.o [1]
  .text              ro code  0x08000cd4    0xe4  stm32f7xx_hal_tim_ex.o [1]
  .text              ro code  0x08000db8    0xc4  stm32f7xx_hal_cortex.o [1]
  .text              ro code  0x08000e7c   0x1f0  stm32f7xx_hal_gpio.o [1]
  .text              ro code  0x0800106c    0x32  ABImemset48.o [5]
  .text              ro code  0x080010a0    0x16  stm32f7xx_hal.o [1]
  .text              ro code  0x080010b8    0xd8  gpio.o [1]
  .text              ro code  0x08001190    0x40  dma.o [1]
  .text              ro code  0x080011d0   0x244  usart.o [1]
  .text              ro code  0x08001414    0x64  main_process.o [1]
  .text              ro code  0x08001478   0x46c  stm32f7xx_hal_rcc.o [1]
  .text              ro code  0x080018e4    0x76  stm32f7xx_hal_pwr_ex.o [1]
  .text              ro code  0x0800195c   0x4ac  stm32f7xx_hal_rcc_ex.o [1]
  .text              ro code  0x08001e08    0x40  stm32f7xx_hal.o [1]
  .text              ro code  0x08001e48    0x30  stm32f7xx_hal_msp.o [1]
  .text              ro code  0x08001e78   0x58c  stm32f7xx_hal_uart.o [1]
  .text              ro code  0x08002404   0x370  stm32f7xx_hal_dma.o [1]
  .text              ro code  0x08002774   0x598  sbus.o [1]
  .text              ro code  0x08002d0c   0x244  sensor_mti3.o [1]
  .text              ro code  0x08002f50   0x16c  mixer.o [1]
  .text              ro code  0x080030bc   0x158  pid_control.o [1]
  .text              ro code  0x08003214     0xc  stm32f7xx_hal.o [1]
  .text              ro code  0x08003220    0xee  I64DivMod.o [5]
  .text              ro code  0x0800330e     0x2  stm32f7xx_hal_uart.o [1]
  .text              ro code  0x08003310     0x2  stm32f7xx_hal_uart.o [1]
  .text              ro code  0x08003312     0x2  stm32f7xx_hal_uart.o [1]
  .text              ro code  0x08003314    0x28  stm32f7xx_hal.o [1]
  .text              ro code  0x0800333c     0x2  I64DivZer.o [5]
  .text              ro code  0x08003340    0x60  system_stm32f7xx.o [1]
  .text              ro code  0x080033a0    0x50  stm32f7xx_it.o [1]
  .text              ro code  0x080033f0    0x10  stm32f7xx_hal.o [1]
  .text              ro code  0x08003400    0x40  zero_init3.o [5]
  .text              ro code  0x08003440    0x2c  copy_init3.o [5]
  .text              ro code  0x0800346c    0x28  data_init.o [5]
  .text              ro code  0x08003494    0x22  fpinit_M.o [4]
  .iar.init_table    const    0x080034b8    0x24  - Linker created -
  .text              ro code  0x080034dc    0x1a  cmain.o [5]
  .text              ro code  0x080034f6     0x4  low_level_init.o [3]
  .text              ro code  0x080034fa     0x4  exit.o [3]
  .text              ro code  0x08003500     0xa  cexit.o [5]
  .text              ro code  0x0800350c    0x14  exit.o [6]
  .text              ro code  0x08003520    0x10  startup_stm32f767xx.o [1]
  Initializer bytes  const    0x08003530    0x10  <for P2-1>
  .text              ro code  0x08003540     0xc  cstartup_M.o [5]
  .rodata            const    0x0800354c     0x8  system_stm32f7xx.o [1]
  .text              ro code  0x08003554     0x4  startup_stm32f767xx.o [1]
  .text              ro code  0x08003558     0x4  startup_stm32f767xx.o [1]
  .text              ro code  0x0800355c     0x4  startup_stm32f767xx.o [1]
  .text              ro code  0x08003560     0x4  startup_stm32f767xx.o [1]
  .text              ro code  0x08003564     0x4  startup_stm32f767xx.o [1]
  .text              ro code  0x08003568     0x4  startup_stm32f767xx.o [1]
  .text              ro code  0x0800356c     0x4  startup_stm32f767xx.o [1]
  .text              ro code  0x08003570     0x4  startup_stm32f767xx.o [1]
  .text              ro code  0x08003574     0x4  startup_stm32f767xx.o [1]
  .text              ro code  0x08003578     0x4  startup_stm32f767xx.o [1]
  .text              ro code  0x0800357c     0x4  startup_stm32f767xx.o [1]
  .text              ro code  0x08003580     0x4  startup_stm32f767xx.o [1]
  .text              ro code  0x08003584     0x4  startup_stm32f767xx.o [1]
  .text              ro code  0x08003588     0x4  startup_stm32f767xx.o [1]
  .text              ro code  0x0800358c     0x4  startup_stm32f767xx.o [1]
  .text              ro code  0x08003590     0x4  startup_stm32f767xx.o [1]
  .text              ro code  0x08003594     0x4  startup_stm32f767xx.o [1]
  .text              ro code  0x08003598     0x4  startup_stm32f767xx.o [1]
  .text              ro code  0x0800359c     0x4  startup_stm32f767xx.o [1]
  .text              ro code  0x080035a0     0x4  startup_stm32f767xx.o [1]
  .text              ro code  0x080035a4     0x4  startup_stm32f767xx.o [1]
  .text              ro code  0x080035a8     0x4  startup_stm32f767xx.o [1]
  .text              ro code  0x080035ac     0x4  startup_stm32f767xx.o [1]
  .text              ro code  0x080035b0     0x4  startup_stm32f767xx.o [1]
  .text              ro code  0x080035b4     0x4  startup_stm32f767xx.o [1]
  .text              ro code  0x080035b8     0x4  startup_stm32f767xx.o [1]
  .text              ro code  0x080035bc     0x4  startup_stm32f767xx.o [1]
  .text              ro code  0x080035c0     0x4  startup_stm32f767xx.o [1]
  .text              ro code  0x080035c4     0x4  startup_stm32f767xx.o [1]
  .text              ro code  0x080035c8     0x4  startup_stm32f767xx.o [1]
  .text              ro code  0x080035cc     0x4  startup_stm32f767xx.o [1]
  .text              ro code  0x080035d0     0x4  startup_stm32f767xx.o [1]
  .text              ro code  0x080035d4     0x4  startup_stm32f767xx.o [1]
  .text              ro code  0x080035d8     0x4  startup_stm32f767xx.o [1]
  .text              ro code  0x080035dc     0x4  startup_stm32f767xx.o [1]
  .text              ro code  0x080035e0     0x4  startup_stm32f767xx.o [1]
  .text              ro code  0x080035e4     0x4  startup_stm32f767xx.o [1]
  .text              ro code  0x080035e8     0x4  startup_stm32f767xx.o [1]
  .text              ro code  0x080035ec     0x4  startup_stm32f767xx.o [1]
  .text              ro code  0x080035f0     0x4  startup_stm32f767xx.o [1]
  .text              ro code  0x080035f4     0x4  startup_stm32f767xx.o [1]
  .text              ro code  0x080035f8     0x4  startup_stm32f767xx.o [1]
  .text              ro code  0x080035fc     0x4  startup_stm32f767xx.o [1]
  .text              ro code  0x08003600     0x4  startup_stm32f767xx.o [1]
  .text              ro code  0x08003604     0x4  startup_stm32f767xx.o [1]
  .text              ro code  0x08003608     0x4  startup_stm32f767xx.o [1]
  .text              ro code  0x0800360c     0x4  startup_stm32f767xx.o [1]
  .text              ro code  0x08003610     0x4  startup_stm32f767xx.o [1]
  .text              ro code  0x08003614     0x4  startup_stm32f767xx.o [1]
  .text              ro code  0x08003618     0x4  startup_stm32f767xx.o [1]
  .text              ro code  0x0800361c     0x4  startup_stm32f767xx.o [1]
  .text              ro code  0x08003620     0x4  startup_stm32f767xx.o [1]
  .text              ro code  0x08003624     0x4  startup_stm32f767xx.o [1]
  .text              ro code  0x08003628     0x4  startup_stm32f767xx.o [1]
  .text              ro code  0x0800362c     0x4  startup_stm32f767xx.o [1]
  .text              ro code  0x08003630     0x4  startup_stm32f767xx.o [1]
  .text              ro code  0x08003634     0x4  startup_stm32f767xx.o [1]
  .text              ro code  0x08003638     0x4  startup_stm32f767xx.o [1]
  .text              ro code  0x0800363c     0x4  startup_stm32f767xx.o [1]
  .text              ro code  0x08003640     0x4  startup_stm32f767xx.o [1]
  .text              ro code  0x08003644     0x4  startup_stm32f767xx.o [1]
  .text              ro code  0x08003648     0x4  startup_stm32f767xx.o [1]
  .text              ro code  0x0800364c     0x4  startup_stm32f767xx.o [1]
  .text              ro code  0x08003650     0x4  startup_stm32f767xx.o [1]
  .text              ro code  0x08003654     0x4  startup_stm32f767xx.o [1]
  .text              ro code  0x08003658     0x4  startup_stm32f767xx.o [1]
  .text              ro code  0x0800365c     0x4  startup_stm32f767xx.o [1]
  .text              ro code  0x08003660     0x4  startup_stm32f767xx.o [1]
  .text              ro code  0x08003664     0x4  startup_stm32f767xx.o [1]
  .text              ro code  0x08003668     0x4  startup_stm32f767xx.o [1]
  .text              ro code  0x0800366c     0x4  startup_stm32f767xx.o [1]
  .text              ro code  0x08003670     0x4  startup_stm32f767xx.o [1]
  .text              ro code  0x08003674     0x4  startup_stm32f767xx.o [1]
  .text              ro code  0x08003678     0x4  startup_stm32f767xx.o [1]
  .text              ro code  0x0800367c     0x4  startup_stm32f767xx.o [1]
  .text              ro code  0x08003680     0x4  startup_stm32f767xx.o [1]
  .text              ro code  0x08003684     0x4  startup_stm32f767xx.o [1]
  .text              ro code  0x08003688     0x4  startup_stm32f767xx.o [1]
  .text              ro code  0x0800368c     0x4  startup_stm32f767xx.o [1]
  .text              ro code  0x08003690     0x4  startup_stm32f767xx.o [1]
  .text              ro code  0x08003694     0x4  startup_stm32f767xx.o [1]
  .text              ro code  0x08003698     0x4  startup_stm32f767xx.o [1]
  .text              ro code  0x0800369c     0x4  startup_stm32f767xx.o [1]
  .text              ro code  0x080036a0     0x4  startup_stm32f767xx.o [1]
  .text              ro code  0x080036a4     0x4  startup_stm32f767xx.o [1]
  .text              ro code  0x080036a8     0x4  startup_stm32f767xx.o [1]
  .text              ro code  0x080036ac     0x4  startup_stm32f767xx.o [1]
  .text              ro code  0x080036b0     0x4  startup_stm32f767xx.o [1]
  .text              ro code  0x080036b4     0x4  startup_stm32f767xx.o [1]
  .text              ro code  0x080036b8     0x4  startup_stm32f767xx.o [1]
  .text              ro code  0x080036bc     0x4  startup_stm32f767xx.o [1]
  .text              ro code  0x080036c0     0x4  startup_stm32f767xx.o [1]
  .text              ro code  0x080036c4     0x4  startup_stm32f767xx.o [1]
  .text              ro code  0x080036c8     0x4  startup_stm32f767xx.o [1]
  .text              ro code  0x080036cc     0x4  startup_stm32f767xx.o [1]
  .text              ro code  0x080036d0     0x4  startup_stm32f767xx.o [1]
  .text              ro code  0x080036d4     0x4  startup_stm32f767xx.o [1]
  .text              ro code  0x080036d8     0x4  startup_stm32f767xx.o [1]
  .text              ro code  0x080036dc     0x4  startup_stm32f767xx.o [1]
  .text              ro code  0x080036e0     0x4  startup_stm32f767xx.o [1]
  .text              ro code  0x080036e4     0x4  startup_stm32f767xx.o [1]
  .text              ro code  0x080036e8     0x4  startup_stm32f767xx.o [1]
  .text              ro code  0x080036ec     0x4  startup_stm32f767xx.o [1]
  .text              ro code  0x080036f0     0x4  startup_stm32f767xx.o [1]
  .rodata            const    0x080036f4     0x0  zero_init3.o [5]
  .rodata            const    0x080036f4     0x0  copy_init3.o [5]
                            - 0x080036f4  0x34fc

"P2", part 1 of 3:                          0x10
  P2-1                        0x20000000    0x10  <Init block>
    .data            inited   0x20000000     0xc  stm32f7xx_hal.o [1]
    .data            inited   0x2000000c     0x4  system_stm32f7xx.o [1]
                            - 0x20000010    0x10

"P2", part 2 of 3:                        0x4000
  CSTACK                      0x20000010  0x4000  <Block>
    CSTACK           uninit   0x20000010  0x4000  <Block tail>
                            - 0x20004010  0x4000

"P2", part 3 of 3:                         0x630
  .bss               zero     0x20004010   0x100  sbus.o [1]
  .bss               zero     0x20004110   0x100  sensor_mti3.o [1]
  .bss               zero     0x20004210    0xc0  usart.o [1]
  .bss               zero     0x200042d0    0x80  usart.o [1]
  .bss               zero     0x20004350    0x80  usart.o [1]
  .bss               zero     0x200043d0    0x80  usart.o [1]
  .bss               zero     0x20004450    0x74  main.o [1]
  .bss               zero     0x200044c4    0x40  tim.o [1]
  .bss               zero     0x20004504    0x40  tim.o [1]
  .bss               zero     0x20004544    0x40  tim.o [1]
  .bss               zero     0x20004584    0x34  sensor_mti3.o [1]
  .bss               zero     0x200045b8    0x30  main.o [1]
  .bss               zero     0x200045e8    0x24  main.o [1]
  .bss               zero     0x2000460c    0x18  main.o [1]
  .bss               zero     0x20004624     0xc  pid_control.o [1]
  .bss               zero     0x20004630     0x6  sensor_mti3.o [1]
  .bss               zero     0x20004636     0x4  main_process.o [1]
  .bss               zero     0x2000463a     0x4  sbus.o [1]
                            - 0x2000463e   0x62e


*******************************************************************************
*** INIT TABLE
***

          Address     Size
          -------     ----
Zero (__iar_zero_init3)
    1 destination range, total size 0x62e:
          0x20004010  0x62e

Copy (__iar_copy_init3)
    1 source range, total size 0x10:
          0x08003530   0x10
    1 destination range, total size 0x10:
          0x20000000   0x10



*******************************************************************************
*** MODULE SUMMARY
***

    Module                  ro code  ro data  rw data
    ------                  -------  -------  -------
C:\Users\tlgus\Desktop\succesed sensor\2019_Drone_rate\EWARM\2019_Drone\Obj: [1]
    dma.o                        64
    gpio.o                      216
    main.o                      226               224
    main_process.o              100                 4
    mixer.o                     364
    pid_control.o               344                12
    sbus.o                    1 432               260
    sensor_mti3.o               580               314
    startup_stm32f767xx.o       936
    stm32f7xx_hal.o             154       12       12
    stm32f7xx_hal_cortex.o      196
    stm32f7xx_hal_dma.o         880
    stm32f7xx_hal_gpio.o        496
    stm32f7xx_hal_msp.o          48
    stm32f7xx_hal_pwr_ex.o      118
    stm32f7xx_hal_rcc.o       1 132
    stm32f7xx_hal_rcc_ex.o    1 196
    stm32f7xx_hal_tim.o       1 914
    stm32f7xx_hal_tim_ex.o      234
    stm32f7xx_hal_uart.o      1 426
    stm32f7xx_it.o               80
    system_stm32f7xx.o           96       12        4
    tim.o                       620               192
    usart.o                     580               576
    -------------------------------------------------
    Total:                   13 432       24    1 598

command line: [2]
    -------------------------------------------------
    Total:

dl7M_tlf.a: [3]
    exit.o                        4
    low_level_init.o              4
    -------------------------------------------------
    Total:                        8

m7M_tlv.a: [4]
    fpinit_M.o                   34
    -------------------------------------------------
    Total:                       34

rt7M_tl.a: [5]
    ABImemclr4.o                  6
    ABImemset48.o                50
    I64DivMod.o                 238
    I64DivZer.o                   2
    cexit.o                      10
    cmain.o                      26
    copy_init3.o                 44
    cstartup_M.o                 12
    data_init.o                  40
    zero_init3.o                 64
    -------------------------------------------------
    Total:                      492

shb_l.a: [6]
    exit.o                       20
    -------------------------------------------------
    Total:                       20

    Gaps                         20        2
    Linker created                        36   16 384
-----------------------------------------------------
    Grand Total:             14 006       62   17 982


*******************************************************************************
*** ENTRY LIST
***

Entry                      Address   Size  Type      Object
-----                      -------   ----  ----      ------
.iar.init_table$$Base   0x080034b8          --   Gb  - Linker created -
.iar.init_table$$Limit  0x080034dc          --   Gb  - Linker created -
?main                   0x080034dd         Code  Gb  cmain.o [5]
AHBPrescTable           0x08003390   0x10  Data  Gb  system_stm32f7xx.o [1]
APBPrescTable           0x0800354c    0x8  Data  Gb  system_stm32f7xx.o [1]
BusFault_Handler        0x080033a7    0x2  Code  Gb  stm32f7xx_it.o [1]
CSTACK$$Base            0x20000010          --   Gb  - Linker created -
CSTACK$$Limit           0x20004010          --   Gb  - Linker created -
Calc_pid_control        0x080030e9  0x10a  Code  Gb  pid_control.o [1]
Calc_pid_control::integral
                        0x20004624    0xc  Data  Lc  pid_control.o [1]
Calculate_checksum      0x08002e0f   0x2a  Code  Gb  sensor_mti3.o [1]
Calculate_data_size     0x08002dd9   0x14  Code  Gb  sensor_mti3.o [1]
Check_data_size         0x08002ded   0x22  Code  Gb  sensor_mti3.o [1]
Check_data_size_sbus    0x08002cdb   0x14  Code  Gb  sbus.o [1]
DMA1_Stream1_IRQHandler
                        0x080033b5    0x6  Code  Gb  stm32f7xx_it.o [1]
DMA1_Stream5_IRQHandler
                        0x080033bb    0x6  Code  Gb  stm32f7xx_it.o [1]
DMA_CalcBaseAndBitshift
                        0x08002745   0x26  Code  Lc  stm32f7xx_hal_dma.o [1]
DMA_CalcBaseAndBitshift::flagBitshiftOffset
                        0x0800276c    0x8  Data  Lc  stm32f7xx_hal_dma.o [1]
DMA_SetConfig           0x08002725   0x20  Code  Lc  stm32f7xx_hal_dma.o [1]
DebugMon_Handler        0x080033ad    0x2  Code  Gb  stm32f7xx_it.o [1]
Decoding_data           0x08002e39   0x62  Code  Gb  sensor_mti3.o [1]
Dma_error_check         0x08002d2f   0x1e  Code  Gb  sensor_mti3.o [1]
Error_Handler           0x08000cd1    0x2  Code  Gb  main.o [1]
GAIN                    0x200045e8   0x24  Data  Gb  main.o [1]
HAL_DMA_IRQHandler      0x08002567  0x192  Code  Gb  stm32f7xx_hal_dma.o [1]
HAL_DMA_Init            0x08002405   0xe6  Code  Gb  stm32f7xx_hal_dma.o [1]
HAL_DMA_Start_IT        0x080024eb   0x64  Code  Gb  stm32f7xx_hal_dma.o [1]
HAL_Delay               0x08003315   0x28  Code  Wk  stm32f7xx_hal.o [1]
HAL_GPIO_Init           0x08000e7d  0x1b4  Code  Gb  stm32f7xx_hal_gpio.o [1]
HAL_GPIO_WritePin       0x08001031    0x8  Code  Gb  stm32f7xx_hal_gpio.o [1]
HAL_GetTick             0x08003215    0xc  Code  Wk  stm32f7xx_hal.o [1]
HAL_IncTick             0x080033f1   0x10  Code  Wk  stm32f7xx_hal.o [1]
HAL_Init                0x080010a1   0x16  Code  Gb  stm32f7xx_hal.o [1]
HAL_InitTick            0x08001e09   0x40  Code  Wk  stm32f7xx_hal.o [1]
HAL_MspInit             0x08001e49   0x30  Code  Gb  stm32f7xx_hal_msp.o [1]
HAL_NVIC_EnableIRQ      0x08000e27   0x16  Code  Gb  stm32f7xx_hal_cortex.o [1]
HAL_NVIC_SetPriority    0x08000ded   0x3a  Code  Gb  stm32f7xx_hal_cortex.o [1]
HAL_NVIC_SetPriorityGrouping
                        0x08000dd3   0x1a  Code  Gb  stm32f7xx_hal_cortex.o [1]
HAL_PWREx_EnableOverDrive
                        0x080018e5   0x48  Code  Gb  stm32f7xx_hal_pwr_ex.o [1]
HAL_RCCEx_PeriphCLKConfig
                        0x0800195d  0x448  Code  Gb  stm32f7xx_hal_rcc_ex.o [1]
HAL_RCC_ClockConfig     0x08001743   0xf6  Code  Gb  stm32f7xx_hal_rcc.o [1]
HAL_RCC_GetPCLK1Freq    0x08001899   0x10  Code  Gb  stm32f7xx_hal_rcc.o [1]
HAL_RCC_GetPCLK2Freq    0x080018a9    0xe  Code  Gb  stm32f7xx_hal_rcc.o [1]
HAL_RCC_GetSysClockFreq
                        0x0800184d   0x4c  Code  Gb  stm32f7xx_hal_rcc.o [1]
HAL_RCC_OscConfig       0x08001479  0x2ca  Code  Gb  stm32f7xx_hal_rcc.o [1]
HAL_SYSTICK_Config      0x08000e3d   0x28  Code  Gb  stm32f7xx_hal_cortex.o [1]
HAL_TIMEx_Break2Callback
                        0x08000bdf    0x2  Code  Wk  stm32f7xx_hal_tim_ex.o [1]
HAL_TIMEx_BreakCallback
                        0x08000bdd    0x2  Code  Wk  stm32f7xx_hal_tim_ex.o [1]
HAL_TIMEx_CommutCallback
                        0x08000be3    0x2  Code  Wk  stm32f7xx_hal_tim_ex.o [1]
HAL_TIMEx_ConfigBreakDeadTime
                        0x08000d33   0x7c  Code  Gb  stm32f7xx_hal_tim_ex.o [1]
HAL_TIMEx_MasterConfigSynchronization
                        0x08000ce1   0x52  Code  Gb  stm32f7xx_hal_tim_ex.o [1]
HAL_TIM_Base_Init       0x080001f9   0x1a  Code  Gb  stm32f7xx_hal_tim.o [1]
HAL_TIM_Base_MspInit    0x08000ae1   0x74  Code  Gb  tim.o [1]
HAL_TIM_Base_Start_IT   0x08000213   0x28  Code  Gb  stm32f7xx_hal_tim.o [1]
HAL_TIM_ConfigClockSource
                        0x0800055d   0x90  Code  Gb  stm32f7xx_hal_tim.o [1]
HAL_TIM_IC_CaptureCallback
                        0x08000bd7    0x2  Code  Wk  stm32f7xx_hal_tim.o [1]
HAL_TIM_IRQHandler      0x080002d5  0x15c  Code  Gb  stm32f7xx_hal_tim.o [1]
HAL_TIM_MspPostInit     0x08000b55   0x4a  Code  Gb  tim.o [1]
HAL_TIM_OC_DelayElapsedCallback
                        0x08000bd9    0x2  Code  Wk  stm32f7xx_hal_tim.o [1]
HAL_TIM_PWM_ConfigChannel
                        0x08000437  0x104  Code  Gb  stm32f7xx_hal_tim.o [1]
HAL_TIM_PWM_Init        0x0800025d   0x1a  Code  Gb  stm32f7xx_hal_tim.o [1]
HAL_TIM_PWM_MspInit     0x08000bd5    0x2  Code  Wk  stm32f7xx_hal_tim.o [1]
HAL_TIM_PWM_PulseFinishedCallback
                        0x08000be5    0x2  Code  Wk  stm32f7xx_hal_tim.o [1]
HAL_TIM_PWM_Start       0x0800027f   0x1e  Code  Gb  stm32f7xx_hal_tim.o [1]
HAL_TIM_PeriodElapsedCallback
                        0x08000bdb    0x2  Code  Wk  stm32f7xx_hal_tim.o [1]
HAL_TIM_TriggerCallback
                        0x08000be1    0x2  Code  Wk  stm32f7xx_hal_tim.o [1]
HAL_UART_ErrorCallback  0x08003313    0x2  Code  Wk  stm32f7xx_hal_uart.o [1]
HAL_UART_Init           0x08001e79   0x30  Code  Gb  stm32f7xx_hal_uart.o [1]
HAL_UART_MspInit        0x08001259  0x15e  Code  Gb  usart.o [1]
HAL_UART_Receive_DMA    0x08001ef7   0x92  Code  Gb  stm32f7xx_hal_uart.o [1]
HAL_UART_RxCpltCallback
                        0x0800330f    0x2  Code  Wk  stm32f7xx_hal_uart.o [1]
HAL_UART_RxHalfCpltCallback
                        0x08003311    0x2  Code  Wk  stm32f7xx_hal_uart.o [1]
HardFault_Handler       0x080033a3    0x2  Code  Gb  stm32f7xx_it.o [1]
Init_gain_value         0x080030bd   0x2a  Code  Gb  pid_control.o [1]
Init_pwm                0x08002f51   0x36  Code  Gb  mixer.o [1]
Initialize              0x08001415   0x22  Code  Gb  main_process.o [1]
MTIDATA                 0x20004584   0x34  Data  Gb  sensor_mti3.o [1]
MX_DMA_Init             0x08001191   0x40  Code  Gb  dma.o [1]
MX_GPIO_Init            0x080010b9   0xb2  Code  Gb  gpio.o [1]
MX_TIM1_Init            0x08000969  0x10a  Code  Gb  tim.o [1]
MX_TIM6_Init            0x08000a7b   0x20  Code  Gb  tim.o [1]
MX_TIM7_Init            0x08000a9b   0x20  Code  Gb  tim.o [1]
MX_USART1_UART_Init     0x080011d1   0x10  Code  Gb  usart.o [1]
MX_USART2_UART_Init     0x080011e1   0x3e  Code  Gb  usart.o [1]
MX_USART3_UART_Init     0x08001227   0x10  Code  Gb  usart.o [1]
MemManage_Handler       0x080033a5    0x2  Code  Gb  stm32f7xx_it.o [1]
Mixer                   0x08002f8d  0x110  Code  Gb  mixer.o [1]
NMI_Handler             0x080033a1    0x2  Code  Gb  stm32f7xx_it.o [1]
PendSV_Handler          0x080033af    0x2  Code  Gb  stm32f7xx_it.o [1]
RPY                     0x2000460c   0x18  Data  Gb  main.o [1]
Region$$Table$$Base     0x080034b8          --   Gb  - Linker created -
Region$$Table$$Limit    0x080034dc          --   Gb  - Linker created -
SBUS                    0x20004450   0x74  Data  Gb  main.o [1]
SENSOR                  0x200045b8   0x30  Data  Gb  main.o [1]
SVC_Handler             0x080033ab    0x2  Code  Gb  stm32f7xx_it.o [1]
Sbus_decode             0x08002791  0x4c4  Code  Gb  sbus.o [1]
Sbus_init               0x08002775    0x8  Code  Gb  sbus.o [1]
Sbus_read               0x0800278d    0x4  Code  Gb  sbus.o [1]
Sbus_start              0x0800277d   0x10  Code  Gb  sbus.o [1]
Sensor_read             0x08002d4d   0x8c  Code  Gb  sensor_mti3.o [1]
Sensor_start            0x08002d0d   0x22  Code  Gb  sensor_mti3.o [1]
SysTick_Handler         0x080033b1    0x4  Code  Gb  stm32f7xx_it.o [1]
SystemClock_Config      0x08000c21   0xa8  Code  Gb  main.o [1]
SystemCoreClock         0x2000000c    0x4  Data  Gb  system_stm32f7xx.o [1]
SystemInit              0x08003341   0x3a  Code  Gb  system_stm32f7xx.o [1]
TIM6_DAC_IRQHandler     0x080033c1   0x10  Code  Gb  stm32f7xx_it.o [1]
TIM7_IRQHandler         0x080033d1   0x10  Code  Gb  stm32f7xx_it.o [1]
TIM_Base_SetConfig      0x08000617   0xa2  Code  Gb  stm32f7xx_hal_tim.o [1]
TIM_CCxChannelCmd       0x0800094b   0x1c  Code  Gb  stm32f7xx_hal_tim.o [1]
TIM_ETR_SetConfig       0x08000937   0x14  Code  Gb  stm32f7xx_hal_tim.o [1]
TIM_ITRx_SetConfig      0x08000927   0x10  Code  Lc  stm32f7xx_hal_tim.o [1]
TIM_OC1_SetConfig       0x080006b9   0x4e  Code  Lc  stm32f7xx_hal_tim.o [1]
TIM_OC2_SetConfig       0x08000707   0x58  Code  Gb  stm32f7xx_hal_tim.o [1]
TIM_OC3_SetConfig       0x0800076d   0x5c  Code  Lc  stm32f7xx_hal_tim.o [1]
TIM_OC4_SetConfig       0x080007d1   0x46  Code  Lc  stm32f7xx_hal_tim.o [1]
TIM_OC5_SetConfig       0x08000817   0x3c  Code  Lc  stm32f7xx_hal_tim.o [1]
TIM_OC6_SetConfig       0x08000853   0x3e  Code  Lc  stm32f7xx_hal_tim.o [1]
TIM_TI1_ConfigInputStage
                        0x080008e1   0x22  Code  Lc  stm32f7xx_hal_tim.o [1]
TIM_TI2_ConfigInputStage
                        0x08000903   0x24  Code  Lc  stm32f7xx_hal_tim.o [1]
Tim6Loop                0x08001437   0x26  Code  Gb  main_process.o [1]
Tim7Loop                0x0800145d    0xa  Code  Gb  main_process.o [1]
UART_AdvFeatureConfig   0x080021dd   0xc6  Code  Gb  stm32f7xx_hal_uart.o [1]
UART_CheckIdleState     0x080022a3   0x3e  Code  Gb  stm32f7xx_hal_uart.o [1]
UART_DMAError           0x080023b5   0x4e  Code  Lc  stm32f7xx_hal_uart.o [1]
UART_DMAReceiveCplt     0x08002375   0x38  Code  Lc  stm32f7xx_hal_uart.o [1]
UART_DMARxHalfCplt      0x080023ad    0x6  Code  Lc  stm32f7xx_hal_uart.o [1]
UART_EndRxTransfer      0x08002357   0x1e  Code  Lc  stm32f7xx_hal_uart.o [1]
UART_EndTxTransfer      0x08002347   0x10  Code  Lc  stm32f7xx_hal_uart.o [1]
UART_SetConfig          0x08001f91  0x224  Code  Gb  stm32f7xx_hal_uart.o [1]
UART_WaitOnFlagUntilTimeout
                        0x080022e1   0x58  Code  Gb  stm32f7xx_hal_uart.o [1]
UsageFault_Handler      0x080033a9    0x2  Code  Gb  stm32f7xx_it.o [1]
__NVIC_SetPriority      0x08000db9   0x1a  Code  Lc  stm32f7xx_hal_cortex.o [1]
__aeabi_ldiv0           0x0800333d         Code  Gb  I64DivZer.o [5]
__aeabi_memclr4         0x08000be9         Code  Gb  ABImemclr4.o [5]
__aeabi_uldivmod        0x08003221         Code  Gb  I64DivMod.o [5]
__cmain                 0x080034dd         Code  Gb  cmain.o [5]
__exit                  0x0800350d   0x14  Code  Gb  exit.o [6]
__iar_Memset4_word      0x0800106d         Code  Gb  ABImemset48.o [5]
__iar_Memset8_word      0x0800106d         Code  Gb  ABImemset48.o [5]
__iar_copy_init3        0x08003441   0x2c  Code  Gb  copy_init3.o [5]
__iar_data_init3        0x0800346d   0x28  Code  Gb  data_init.o [5]
__iar_init_vfp          0x08003495         Code  Gb  fpinit_M.o [4]
__iar_program_start     0x08003541         Code  Gb  cstartup_M.o [5]
__iar_zero_init3        0x08003401   0x40  Code  Gb  zero_init3.o [5]
__low_level_init        0x080034f7    0x4  Code  Gb  low_level_init.o [3]
__vector_table          0x08000000         Data  Gb  startup_stm32f767xx.o [1]
_call_main              0x080034e9         Code  Gb  cmain.o [5]
_exit                   0x08003501         Code  Gb  cexit.o [5]
_main                   0x080034f3         Code  Gb  cmain.o [5]
exit                    0x080034fb    0x4  Code  Gb  exit.o [3]
hdma_usart2_rx          0x20004210   0x60  Data  Gb  usart.o [1]
hdma_usart3_rx          0x20004270   0x60  Data  Gb  usart.o [1]
htim1                   0x200044c4   0x40  Data  Gb  tim.o [1]
htim6                   0x20004504   0x40  Data  Gb  tim.o [1]
htim7                   0x20004544   0x40  Data  Gb  tim.o [1]
huart1                  0x200042d0   0x80  Data  Gb  usart.o [1]
huart2                  0x20004350   0x80  Data  Gb  usart.o [1]
huart3                  0x200043d0   0x80  Data  Gb  usart.o [1]
main                    0x08000bf1   0x30  Code  Gb  main.o [1]
sbus_data_head          0x2000463c    0x2  Data  Lc  sbus.o [1]
sbus_data_tail          0x2000463a    0x2  Data  Lc  sbus.o [1]
sbus_rcv_data           0x20004010  0x100  Data  Lc  sbus.o [1]
sensor_counter          0x20004638    0x2  Data  Gb  main_process.o [1]
sensor_data_head        0x20004634    0x2  Data  Lc  sensor_mti3.o [1]
sensor_data_tail        0x20004632    0x2  Data  Lc  sensor_mti3.o [1]
sensor_rcv_data         0x20004110  0x100  Data  Lc  sensor_mti3.o [1]
status                  0x20004630    0x1  Data  Gb  sensor_mti3.o [1]
tim6_loop_counter       0x20004636    0x2  Data  Lc  main_process.o [1]
uwTick                  0x20000004    0x4  Data  Gb  stm32f7xx_hal.o [1]
uwTickFreq              0x20000000    0x1  Data  Gb  stm32f7xx_hal.o [1]
uwTickPrio              0x20000008    0x4  Data  Gb  stm32f7xx_hal.o [1]


[1] = C:\Users\tlgus\Desktop\succesed sensor\2019_Drone_rate\EWARM\2019_Drone\Obj
[2] = command line
[3] = dl7M_tlf.a
[4] = m7M_tlv.a
[5] = rt7M_tl.a
[6] = shb_l.a

  14 006 bytes of readonly  code memory
      62 bytes of readonly  data memory
  17 982 bytes of readwrite data memory

Errors: none
Warnings: none
