###############################################################################
#
# IAR ELF Linker V7.80.2.11947/W32 for ARM                19/Nov/2019  19:18:03
# Copyright 2007-2016 IAR Systems AB.
#
#    Output file  =  
#        D:\github\2019_Drone\pid\2019_Drone_rate\EWARM\2019_Drone\Exe\2019_Drone.out
#    Map file     =  
#        D:\github\2019_Drone\pid\2019_Drone_rate\EWARM\2019_Drone\List\2019_Drone.map
#    Command line =  
#        D:\github\2019_Drone\pid\2019_Drone_rate\EWARM\2019_Drone\Obj\dma.o
#        D:\github\2019_Drone\pid\2019_Drone_rate\EWARM\2019_Drone\Obj\gpio.o
#        D:\github\2019_Drone\pid\2019_Drone_rate\EWARM\2019_Drone\Obj\main.o
#        D:\github\2019_Drone\pid\2019_Drone_rate\EWARM\2019_Drone\Obj\main_process.o
#        D:\github\2019_Drone\pid\2019_Drone_rate\EWARM\2019_Drone\Obj\mixer.o
#        D:\github\2019_Drone\pid\2019_Drone_rate\EWARM\2019_Drone\Obj\pid_control.o
#        D:\github\2019_Drone\pid\2019_Drone_rate\EWARM\2019_Drone\Obj\sbus.o
#        D:\github\2019_Drone\pid\2019_Drone_rate\EWARM\2019_Drone\Obj\sensor_mti3.o
#        D:\github\2019_Drone\pid\2019_Drone_rate\EWARM\2019_Drone\Obj\startup_stm32f767xx.o
#        D:\github\2019_Drone\pid\2019_Drone_rate\EWARM\2019_Drone\Obj\stm32f7xx_hal.o
#        D:\github\2019_Drone\pid\2019_Drone_rate\EWARM\2019_Drone\Obj\stm32f7xx_hal_cortex.o
#        D:\github\2019_Drone\pid\2019_Drone_rate\EWARM\2019_Drone\Obj\stm32f7xx_hal_dma.o
#        D:\github\2019_Drone\pid\2019_Drone_rate\EWARM\2019_Drone\Obj\stm32f7xx_hal_dma_ex.o
#        D:\github\2019_Drone\pid\2019_Drone_rate\EWARM\2019_Drone\Obj\stm32f7xx_hal_exti.o
#        D:\github\2019_Drone\pid\2019_Drone_rate\EWARM\2019_Drone\Obj\stm32f7xx_hal_flash.o
#        D:\github\2019_Drone\pid\2019_Drone_rate\EWARM\2019_Drone\Obj\stm32f7xx_hal_flash_ex.o
#        D:\github\2019_Drone\pid\2019_Drone_rate\EWARM\2019_Drone\Obj\stm32f7xx_hal_gpio.o
#        D:\github\2019_Drone\pid\2019_Drone_rate\EWARM\2019_Drone\Obj\stm32f7xx_hal_i2c.o
#        D:\github\2019_Drone\pid\2019_Drone_rate\EWARM\2019_Drone\Obj\stm32f7xx_hal_i2c_ex.o
#        D:\github\2019_Drone\pid\2019_Drone_rate\EWARM\2019_Drone\Obj\stm32f7xx_hal_msp.o
#        D:\github\2019_Drone\pid\2019_Drone_rate\EWARM\2019_Drone\Obj\stm32f7xx_hal_pwr.o
#        D:\github\2019_Drone\pid\2019_Drone_rate\EWARM\2019_Drone\Obj\stm32f7xx_hal_pwr_ex.o
#        D:\github\2019_Drone\pid\2019_Drone_rate\EWARM\2019_Drone\Obj\stm32f7xx_hal_rcc.o
#        D:\github\2019_Drone\pid\2019_Drone_rate\EWARM\2019_Drone\Obj\stm32f7xx_hal_rcc_ex.o
#        D:\github\2019_Drone\pid\2019_Drone_rate\EWARM\2019_Drone\Obj\stm32f7xx_hal_tim.o
#        D:\github\2019_Drone\pid\2019_Drone_rate\EWARM\2019_Drone\Obj\stm32f7xx_hal_tim_ex.o
#        D:\github\2019_Drone\pid\2019_Drone_rate\EWARM\2019_Drone\Obj\stm32f7xx_hal_uart.o
#        D:\github\2019_Drone\pid\2019_Drone_rate\EWARM\2019_Drone\Obj\stm32f7xx_hal_uart_ex.o
#        D:\github\2019_Drone\pid\2019_Drone_rate\EWARM\2019_Drone\Obj\stm32f7xx_it.o
#        D:\github\2019_Drone\pid\2019_Drone_rate\EWARM\2019_Drone\Obj\system_stm32f7xx.o
#        D:\github\2019_Drone\pid\2019_Drone_rate\EWARM\2019_Drone\Obj\tim.o
#        D:\github\2019_Drone\pid\2019_Drone_rate\EWARM\2019_Drone\Obj\usart.o
#        --redirect _Printf=_PrintfFull --redirect _Scanf=_ScanfFull -o
#        D:\github\2019_Drone\pid\2019_Drone_rate\EWARM\2019_Drone\Exe\2019_Drone.out
#        --map
#        D:\github\2019_Drone\pid\2019_Drone_rate\EWARM\2019_Drone\List\2019_Drone.map
#        --config
#        D:\github\2019_Drone\pid\2019_Drone_rate\EWARM/stm32f767xx_flash.icf
#        --semihosting --entry __iar_program_start --vfe
#
###############################################################################

*******************************************************************************
*** RUNTIME MODEL ATTRIBUTES
***

CppFlavor                     = *
__Heap_Handler                = Basic
__SystemLibrary               = DLib
__dlib_dynamic_initialization = normal


*******************************************************************************
*** PLACEMENT SUMMARY
***

"A0":  place at 0x08000000 { ro section .intvec };
"P1":  place in [from 0x08000000 to 0x081fffff] { ro };
"P2":  place in [from 0x20000000 to 0x2007ffff] { rw, block CSTACK, block HEAP };
initialize by copy { rw };

  Section             Kind        Address    Size  Object
  -------             ----        -------    ----  ------
"A0":                                       0x1f8
  .intvec             ro code  0x08000000   0x1f8  startup_stm32f767xx.o [1]
                             - 0x080001f8   0x1f8

"P1":                                      0x4dfc
  .text               ro code  0x080001f8  0x119a  xprintffull.o [3]
  .text               ro code  0x08001392    0x20  xmbtowc.o [3]
  .text               ro code  0x080013b4    0x16  strchr.o [5]
  .text               ro code  0x080013cc    0x36  strlen.o [5]
  .text               ro code  0x08001404    0x58  memchr.o [5]
  .text               ro code  0x0800145c     0xa  xmbcurmax.o [3]
  .text               ro code  0x08001468    0xb0  xxmemxmalloc.o [3]
  .text               ro code  0x08001518    0x1a  xwctomb.o [3]
  .text               ro code  0x08001534    0x76  ABImemcpy_unaligned.o [5]
  .text               ro code  0x080015ac    0x80  xxmemxfree.o [3]
  .text               ro code  0x0800162c    0xee  I64DivMod.o [5]
  .text               ro code  0x0800171a    0x44  xdnorm.o [4]
  .text               ro code  0x08001760    0x2e  DblCmpLe.o [4]
  .text               ro code  0x08001790    0x2e  DblCmpGe.o [4]
  .text               ro code  0x080017c0   0x114  xdscale.o [4]
  .text               ro code  0x080018d4     0xe  DblToS32.o [4]
  .text               ro code  0x080018e2     0xe  S32ToDbl.o [4]
  .text               ro code  0x080018f0    0x12  DblSub.o [4]
  .text               ro code  0x08001902    0x12  DblMul.o [4]
  .text               ro code  0x08001914    0x12  DblDiv.o [4]
  .text               ro code  0x08001926     0xe  DblToU32.o [4]
  .text               ro code  0x08001934     0xe  U32ToDbl.o [4]
  .text               ro code  0x08001944    0x6c  localeconv.o [3]
  .text               ro code  0x080019b0     0xe  div.o [3]
  .text               ro code  0x080019c0    0x14  setlocale.o [3]
  .text               ro code  0x080019d4    0x60  xencoding_sb.o [3]
  .text               ro code  0x08001a34    0x2c  xgetmemchunk.o [3]
  .text               ro code  0x08001a60     0x2  I64DivZer.o [5]
  .text               ro code  0x08001a62     0x2  xtls.o [3]
  .text               ro code  0x08001a64   0x76e  stm32f7xx_hal_tim.o [1]
  .text               ro code  0x080021d4   0x26c  tim.o [1]
  .text               ro code  0x08002440     0x2  stm32f7xx_hal_tim.o [1]
  .text               ro code  0x08002442     0x2  stm32f7xx_hal_tim.o [1]
  .text               ro code  0x08002444     0x2  stm32f7xx_hal_tim.o [1]
  .text               ro code  0x08002446     0x2  stm32f7xx_hal_tim.o [1]
  .text               ro code  0x08002448     0x2  stm32f7xx_hal_tim_ex.o [1]
  .text               ro code  0x0800244a     0x2  stm32f7xx_hal_tim_ex.o [1]
  .text               ro code  0x0800244c     0x2  stm32f7xx_hal_tim.o [1]
  .text               ro code  0x0800244e     0x2  stm32f7xx_hal_tim_ex.o [1]
  .text               ro code  0x08002450     0x2  stm32f7xx_hal_tim.o [1]
  .text               ro code  0x08002454     0x6  ABImemclr4.o [5]
  .text               ro code  0x0800245c    0xfa  main.o [1]
  .text               ro code  0x08002558    0xe4  stm32f7xx_hal_tim_ex.o [1]
  .text               ro code  0x0800263c    0xc4  stm32f7xx_hal_cortex.o [1]
  .text               ro code  0x08002700   0x1f0  stm32f7xx_hal_gpio.o [1]
  .text               ro code  0x080028f0    0x32  ABImemset48.o [5]
  .text               ro code  0x08002924    0x16  stm32f7xx_hal.o [1]
  .text               ro code  0x0800293c    0xd8  gpio.o [1]
  .text               ro code  0x08002a14    0x40  dma.o [1]
  .text               ro code  0x08002a54   0x244  usart.o [1]
  .text               ro code  0x08002c98    0x64  main_process.o [1]
  .text               ro code  0x08002cfc   0x46c  stm32f7xx_hal_rcc.o [1]
  .text               ro code  0x08003168    0x76  stm32f7xx_hal_pwr_ex.o [1]
  .text               ro code  0x080031e0   0x4ac  stm32f7xx_hal_rcc_ex.o [1]
  .text               ro code  0x0800368c   0x63c  stm32f7xx_hal_uart.o [1]
  .text               ro code  0x08003cc8    0x40  stm32f7xx_hal.o [1]
  .text               ro code  0x08003d08    0x30  stm32f7xx_hal_msp.o [1]
  .text               ro code  0x08003d38   0x370  stm32f7xx_hal_dma.o [1]
  .text               ro code  0x080040a8   0x598  sbus.o [1]
  .text               ro code  0x08004640   0x25c  sensor_mti3.o [1]
  .text               ro code  0x0800489c   0x198  mixer.o [1]
  .text               ro code  0x08004a34   0x158  pid_control.o [1]
  .text               ro code  0x08004b8c     0xc  stm32f7xx_hal.o [1]
  .text               ro code  0x08004b98     0x2  stm32f7xx_hal_uart.o [1]
  .text               ro code  0x08004b9a     0x2  stm32f7xx_hal_uart.o [1]
  .text               ro code  0x08004b9c     0x2  stm32f7xx_hal_uart.o [1]
  .text               ro code  0x08004ba0    0x28  stm32f7xx_hal.o [1]
  .text               ro code  0x08004bc8    0x24  printf.o [3]
  .text               ro code  0x08004bec    0x60  system_stm32f7xx.o [1]
  .text               ro code  0x08004c4c    0x50  stm32f7xx_it.o [1]
  .text               ro code  0x08004c9c    0x10  stm32f7xx_hal.o [1]
  .text               ro code  0x08004cac    0x40  zero_init3.o [5]
  .text               ro code  0x08004cec    0x38  packbits_init_single.o [5]
  .text               ro code  0x08004d24    0x28  data_init.o [5]
  .text               ro code  0x08004d4c    0x22  fpinit_M.o [4]
  .iar.init_table     const    0x08004d70    0x20  - Linker created -
  .text               ro code  0x08004d90    0x1a  cmain.o [5]
  .text               ro code  0x08004daa     0x4  low_level_init.o [3]
  .text               ro code  0x08004dae     0x4  exit.o [3]
  .text               ro code  0x08004db4     0xa  cexit.o [5]
  .text               ro code  0x08004dc0    0x14  exit.o [6]
  .text               ro code  0x08004dd4    0x16  xprout.o [3]
  .text               ro code  0x08004dec     0xc  putchar.o [3]
  .text               ro code  0x08004df8    0x10  startup_stm32f767xx.o [1]
  .text               ro code  0x08004e08     0xc  cstartup_M.o [5]
  .rodata             const    0x08004e14     0x8  system_stm32f7xx.o [1]
  .text               ro code  0x08004e1c     0x4  startup_stm32f767xx.o [1]
  .text               ro code  0x08004e20     0x4  startup_stm32f767xx.o [1]
  .text               ro code  0x08004e24     0x4  startup_stm32f767xx.o [1]
  .text               ro code  0x08004e28     0x4  startup_stm32f767xx.o [1]
  .text               ro code  0x08004e2c     0x4  startup_stm32f767xx.o [1]
  .text               ro code  0x08004e30     0x4  startup_stm32f767xx.o [1]
  .text               ro code  0x08004e34     0x4  startup_stm32f767xx.o [1]
  .text               ro code  0x08004e38     0x4  startup_stm32f767xx.o [1]
  .text               ro code  0x08004e3c     0x4  startup_stm32f767xx.o [1]
  .text               ro code  0x08004e40     0x4  startup_stm32f767xx.o [1]
  .text               ro code  0x08004e44     0x4  startup_stm32f767xx.o [1]
  .text               ro code  0x08004e48     0x4  startup_stm32f767xx.o [1]
  .text               ro code  0x08004e4c     0x4  startup_stm32f767xx.o [1]
  .text               ro code  0x08004e50     0x4  startup_stm32f767xx.o [1]
  .text               ro code  0x08004e54     0x4  startup_stm32f767xx.o [1]
  .text               ro code  0x08004e58     0x4  startup_stm32f767xx.o [1]
  .text               ro code  0x08004e5c     0x4  startup_stm32f767xx.o [1]
  .text               ro code  0x08004e60     0x4  startup_stm32f767xx.o [1]
  .text               ro code  0x08004e64     0x4  startup_stm32f767xx.o [1]
  .text               ro code  0x08004e68     0x4  startup_stm32f767xx.o [1]
  .text               ro code  0x08004e6c     0x4  startup_stm32f767xx.o [1]
  .text               ro code  0x08004e70     0x4  startup_stm32f767xx.o [1]
  .text               ro code  0x08004e74     0x4  startup_stm32f767xx.o [1]
  .text               ro code  0x08004e78     0x4  startup_stm32f767xx.o [1]
  .text               ro code  0x08004e7c     0x4  startup_stm32f767xx.o [1]
  .text               ro code  0x08004e80     0x4  startup_stm32f767xx.o [1]
  .text               ro code  0x08004e84     0x4  startup_stm32f767xx.o [1]
  .text               ro code  0x08004e88     0x4  startup_stm32f767xx.o [1]
  .text               ro code  0x08004e8c     0x4  startup_stm32f767xx.o [1]
  .text               ro code  0x08004e90     0x4  startup_stm32f767xx.o [1]
  .text               ro code  0x08004e94     0x4  startup_stm32f767xx.o [1]
  .text               ro code  0x08004e98     0x4  startup_stm32f767xx.o [1]
  .text               ro code  0x08004e9c     0x4  startup_stm32f767xx.o [1]
  .text               ro code  0x08004ea0     0x4  startup_stm32f767xx.o [1]
  .text               ro code  0x08004ea4     0x4  startup_stm32f767xx.o [1]
  .text               ro code  0x08004ea8     0x4  startup_stm32f767xx.o [1]
  .text               ro code  0x08004eac     0x4  startup_stm32f767xx.o [1]
  .text               ro code  0x08004eb0     0x4  startup_stm32f767xx.o [1]
  .text               ro code  0x08004eb4     0x4  startup_stm32f767xx.o [1]
  .text               ro code  0x08004eb8     0x4  startup_stm32f767xx.o [1]
  .text               ro code  0x08004ebc     0x4  startup_stm32f767xx.o [1]
  .text               ro code  0x08004ec0     0x4  startup_stm32f767xx.o [1]
  .text               ro code  0x08004ec4     0x4  startup_stm32f767xx.o [1]
  .text               ro code  0x08004ec8     0x4  startup_stm32f767xx.o [1]
  .text               ro code  0x08004ecc     0x4  startup_stm32f767xx.o [1]
  .text               ro code  0x08004ed0     0x4  startup_stm32f767xx.o [1]
  .text               ro code  0x08004ed4     0x4  startup_stm32f767xx.o [1]
  .text               ro code  0x08004ed8     0x4  startup_stm32f767xx.o [1]
  .text               ro code  0x08004edc     0x4  startup_stm32f767xx.o [1]
  .text               ro code  0x08004ee0     0x4  startup_stm32f767xx.o [1]
  .text               ro code  0x08004ee4     0x4  startup_stm32f767xx.o [1]
  .text               ro code  0x08004ee8     0x4  startup_stm32f767xx.o [1]
  .text               ro code  0x08004eec     0x4  startup_stm32f767xx.o [1]
  .text               ro code  0x08004ef0     0x4  startup_stm32f767xx.o [1]
  .text               ro code  0x08004ef4     0x4  startup_stm32f767xx.o [1]
  .text               ro code  0x08004ef8     0x4  startup_stm32f767xx.o [1]
  .text               ro code  0x08004efc     0x4  startup_stm32f767xx.o [1]
  .text               ro code  0x08004f00     0x4  startup_stm32f767xx.o [1]
  .text               ro code  0x08004f04     0x4  startup_stm32f767xx.o [1]
  .text               ro code  0x08004f08     0x4  startup_stm32f767xx.o [1]
  .text               ro code  0x08004f0c     0x4  startup_stm32f767xx.o [1]
  .text               ro code  0x08004f10     0x4  startup_stm32f767xx.o [1]
  .text               ro code  0x08004f14     0x4  startup_stm32f767xx.o [1]
  .text               ro code  0x08004f18     0x4  startup_stm32f767xx.o [1]
  .text               ro code  0x08004f1c     0x4  startup_stm32f767xx.o [1]
  .text               ro code  0x08004f20     0x4  startup_stm32f767xx.o [1]
  .text               ro code  0x08004f24     0x4  startup_stm32f767xx.o [1]
  .text               ro code  0x08004f28     0x4  startup_stm32f767xx.o [1]
  .text               ro code  0x08004f2c     0x4  startup_stm32f767xx.o [1]
  .text               ro code  0x08004f30     0x4  startup_stm32f767xx.o [1]
  .text               ro code  0x08004f34     0x4  startup_stm32f767xx.o [1]
  .text               ro code  0x08004f38     0x4  startup_stm32f767xx.o [1]
  .text               ro code  0x08004f3c     0x4  startup_stm32f767xx.o [1]
  .text               ro code  0x08004f40     0x4  startup_stm32f767xx.o [1]
  .text               ro code  0x08004f44     0x4  startup_stm32f767xx.o [1]
  .text               ro code  0x08004f48     0x4  startup_stm32f767xx.o [1]
  .text               ro code  0x08004f4c     0x4  startup_stm32f767xx.o [1]
  .text               ro code  0x08004f50     0x4  startup_stm32f767xx.o [1]
  .text               ro code  0x08004f54     0x4  startup_stm32f767xx.o [1]
  .text               ro code  0x08004f58     0x4  startup_stm32f767xx.o [1]
  .text               ro code  0x08004f5c     0x4  startup_stm32f767xx.o [1]
  .text               ro code  0x08004f60     0x4  startup_stm32f767xx.o [1]
  .text               ro code  0x08004f64     0x4  startup_stm32f767xx.o [1]
  .text               ro code  0x08004f68     0x4  startup_stm32f767xx.o [1]
  .text               ro code  0x08004f6c     0x4  startup_stm32f767xx.o [1]
  .text               ro code  0x08004f70     0x4  startup_stm32f767xx.o [1]
  .text               ro code  0x08004f74     0x4  startup_stm32f767xx.o [1]
  .text               ro code  0x08004f78     0x4  startup_stm32f767xx.o [1]
  .text               ro code  0x08004f7c     0x4  startup_stm32f767xx.o [1]
  .text               ro code  0x08004f80     0x4  startup_stm32f767xx.o [1]
  .text               ro code  0x08004f84     0x4  startup_stm32f767xx.o [1]
  .text               ro code  0x08004f88     0x4  startup_stm32f767xx.o [1]
  .text               ro code  0x08004f8c     0x4  startup_stm32f767xx.o [1]
  .text               ro code  0x08004f90     0x4  startup_stm32f767xx.o [1]
  .text               ro code  0x08004f94     0x4  startup_stm32f767xx.o [1]
  .text               ro code  0x08004f98     0x4  startup_stm32f767xx.o [1]
  .text               ro code  0x08004f9c     0x4  startup_stm32f767xx.o [1]
  .text               ro code  0x08004fa0     0x4  startup_stm32f767xx.o [1]
  .text               ro code  0x08004fa4     0x4  startup_stm32f767xx.o [1]
  .text               ro code  0x08004fa8     0x4  startup_stm32f767xx.o [1]
  .text               ro code  0x08004fac     0x4  startup_stm32f767xx.o [1]
  .text               ro code  0x08004fb0     0x4  startup_stm32f767xx.o [1]
  .text               ro code  0x08004fb4     0x4  startup_stm32f767xx.o [1]
  .text               ro code  0x08004fb8     0x4  startup_stm32f767xx.o [1]
  .rodata             const    0x08004fbc     0x0  zero_init3.o [5]
  .rodata             const    0x08004fbc     0x0  packbits_init_single.o [5]
  Initializer bytes   const    0x08004fbc    0x38  <for P2-1>
                             - 0x08004ff4  0x4dfc

"P2", part 1 of 3:                          0x14c
  P2-1                         0x20000000   0x14c  <Init block>
    .data             inited   0x20000000     0xc  stm32f7xx_hal.o [1]
    .data             inited   0x2000000c     0x4  system_stm32f7xx.o [1]
    .data             inited   0x20000010    0x40  xfiles.o [3]
    __DLIB_PERTHREAD  inited   0x20000050    0x88  localeconv.o [3]
    __DLIB_PERTHREAD  inited   0x200000d8    0x74  setlocale.o [3]
                             - 0x2000014c   0x14c

"P2", part 2 of 3:                         0x4200
  CSTACK                       0x20000150  0x4000  <Block>
    CSTACK            uninit   0x20000150  0x4000  <Block tail>
  HEAP                         0x20004150   0x200  <Block>
    HEAP              uninit   0x20004150   0x200  <Block tail>
                             - 0x20004350  0x4200

"P2", part 3 of 3:                          0x68c
  .bss                zero     0x20004350   0x100  sbus.o [1]
  .bss                zero     0x20004450   0x100  sensor_mti3.o [1]
  .bss                zero     0x20004550    0xc0  usart.o [1]
  .bss                zero     0x20004610    0x80  usart.o [1]
  .bss                zero     0x20004690    0x80  usart.o [1]
  .bss                zero     0x20004710    0x80  usart.o [1]
  .bss                zero     0x20004790    0x74  main.o [1]
  .bss                zero     0x20004804    0x50  xfiles.o [3]
  .bss                zero     0x20004854    0x40  tim.o [1]
  .bss                zero     0x20004894    0x40  tim.o [1]
  .bss                zero     0x200048d4    0x40  tim.o [1]
  .bss                zero     0x20004914    0x34  sensor_mti3.o [1]
  .bss                zero     0x20004948    0x30  main.o [1]
  .bss                zero     0x20004978    0x24  main.o [1]
  .bss                zero     0x2000499c    0x18  main.o [1]
  .bss                zero     0x200049b4     0xc  pid_control.o [1]
  .bss                zero     0x200049c0     0x8  xxmemxmalloc.o [3]
  .bss                zero     0x200049c8     0x6  sensor_mti3.o [1]
  .bss                zero     0x200049ce     0x4  main_process.o [1]
  .bss                zero     0x200049d2     0x4  sbus.o [1]
  .bss                zero     0x200049d8     0x4  xgetmemchunk.o [3]
                             - 0x200049dc   0x68c


*******************************************************************************
*** INIT TABLE
***

          Address     Size
          -------     ----
Zero (__iar_zero_init3)
    1 destination range, total size 0x68c:
          0x20004350  0x68c

Copy/packbits (__iar_packbits_init_single3)
    1 source range, total size 0x38 (16% of destination):
          0x08004fbc   0x38
    1 destination range, total size 0x14c:
          0x20000000  0x14c



*******************************************************************************
*** MODULE SUMMARY
***

    Module                  ro code  ro data  rw data
    ------                  -------  -------  -------
D:\github\2019_Drone\pid\2019_Drone_rate\EWARM\2019_Drone\Obj: [1]
    dma.o                        64
    gpio.o                      216
    main.o                      250               224
    main_process.o              100                 4
    mixer.o                     408
    pid_control.o               344                12
    sbus.o                    1 432               260
    sensor_mti3.o               604               314
    startup_stm32f767xx.o       936
    stm32f7xx_hal.o             154        2       12
    stm32f7xx_hal_cortex.o      196
    stm32f7xx_hal_dma.o         880
    stm32f7xx_hal_gpio.o        496
    stm32f7xx_hal_msp.o          48
    stm32f7xx_hal_pwr_ex.o      118
    stm32f7xx_hal_rcc.o       1 132
    stm32f7xx_hal_rcc_ex.o    1 196
    stm32f7xx_hal_tim.o       1 914
    stm32f7xx_hal_tim_ex.o      234
    stm32f7xx_hal_uart.o      1 602
    stm32f7xx_it.o               80
    system_stm32f7xx.o           96        8        4
    tim.o                       620               192
    usart.o                     580               576
    -------------------------------------------------
    Total:                   13 700       10    1 598

command line: [2]
    -------------------------------------------------
    Total:

dl7M_tlf.a: [3]
    div.o                        14
    exit.o                        4
    localeconv.o                108       23      136
    low_level_init.o              4
    printf.o                     36
    putchar.o                    12
    setlocale.o                  20       19      116
    xencoding_sb.o               96
    xfiles.o                              11      144
    xgetmemchunk.o               44                 4
    xmbcurmax.o                  10
    xmbtowc.o                    32
    xprintffull.o             4 506
    xprout.o                     22
    xtls.o                        2
    xwctomb.o                    26
    xxmemxfree.o                128
    xxmemxmalloc.o              176                 8
    -------------------------------------------------
    Total:                    5 240       53      408

m7M_tlv.a: [4]
    DblCmpGe.o                   46
    DblCmpLe.o                   46
    DblDiv.o                     18
    DblMul.o                     18
    DblSub.o                     18
    DblToS32.o                   14
    DblToU32.o                   14
    S32ToDbl.o                   14
    U32ToDbl.o                   14
    fpinit_M.o                   34
    xdnorm.o                     68
    xdscale.o                   276
    -------------------------------------------------
    Total:                      580

rt7M_tl.a: [5]
    ABImemclr4.o                  6
    ABImemcpy_unaligned.o       118
    ABImemset48.o                50
    I64DivMod.o                 238
    I64DivZer.o                   2
    cexit.o                      10
    cmain.o                      26
    cstartup_M.o                 12
    data_init.o                  40
    memchr.o                     88
    packbits_init_single.o       56
    strchr.o                     22
    strlen.o                     54
    zero_init3.o                 64
    -------------------------------------------------
    Total:                      786

shb_l.a: [6]
    exit.o                       20
    -------------------------------------------------
    Total:                       20

    Gaps                         44        2        2
    Linker created                        33   16 896
-----------------------------------------------------
    Grand Total:             20 370       98   18 904


*******************************************************************************
*** ENTRY LIST
***

Entry                      Address   Size  Type      Object
-----                      -------   ----  ----      ------
.iar.init_table$$Base   0x08004d70          --   Gb  - Linker created -
.iar.init_table$$Limit  0x08004d90          --   Gb  - Linker created -
?main                   0x08004d91         Code  Gb  cmain.o [5]
AHBPrescTable           0x08004c3c   0x10  Data  Gb  system_stm32f7xx.o [1]
APBPrescTable           0x08004e14    0x8  Data  Gb  system_stm32f7xx.o [1]
BusFault_Handler        0x08004c53    0x2  Code  Gb  stm32f7xx_it.o [1]
CSTACK$$Base            0x20000150          --   Gb  - Linker created -
CSTACK$$Limit           0x20004150          --   Gb  - Linker created -
Calc_pid_control        0x08004a5d  0x106  Code  Gb  pid_control.o [1]
Calc_pid_control::integral
                        0x200049b4    0xc  Data  Lc  pid_control.o [1]
Calculate_checksum      0x08004743   0x2a  Code  Gb  sensor_mti3.o [1]
Calculate_data_size     0x0800470d   0x14  Code  Gb  sensor_mti3.o [1]
Check_data_size         0x08004721   0x22  Code  Gb  sensor_mti3.o [1]
Check_data_size_sbus    0x0800460f   0x14  Code  Gb  sbus.o [1]
DMA1_Stream1_IRQHandler
                        0x08004c61    0x6  Code  Gb  stm32f7xx_it.o [1]
DMA1_Stream5_IRQHandler
                        0x08004c67    0x6  Code  Gb  stm32f7xx_it.o [1]
DMA_CalcBaseAndBitshift
                        0x08004079   0x26  Code  Lc  stm32f7xx_hal_dma.o [1]
DMA_CalcBaseAndBitshift::flagBitshiftOffset
                        0x080040a0    0x8  Data  Lc  stm32f7xx_hal_dma.o [1]
DMA_SetConfig           0x08004059   0x20  Code  Lc  stm32f7xx_hal_dma.o [1]
DebugMon_Handler        0x08004c59    0x2  Code  Gb  stm32f7xx_it.o [1]
Decoding_data           0x0800476d   0x92  Code  Gb  sensor_mti3.o [1]
Dma_error_check         0x08004663   0x1e  Code  Gb  sensor_mti3.o [1]
Error_Handler           0x08002555    0x2  Code  Gb  main.o [1]
GAIN                    0x20004978   0x24  Data  Gb  main.o [1]
HAL_DMA_IRQHandler      0x08003e9b  0x192  Code  Gb  stm32f7xx_hal_dma.o [1]
HAL_DMA_Init            0x08003d39   0xe6  Code  Gb  stm32f7xx_hal_dma.o [1]
HAL_DMA_Start_IT        0x08003e1f   0x64  Code  Gb  stm32f7xx_hal_dma.o [1]
HAL_Delay               0x08004ba1   0x28  Code  Wk  stm32f7xx_hal.o [1]
HAL_GPIO_Init           0x08002701  0x1b4  Code  Gb  stm32f7xx_hal_gpio.o [1]
HAL_GPIO_WritePin       0x080028b5    0x8  Code  Gb  stm32f7xx_hal_gpio.o [1]
HAL_GetTick             0x08004b8d    0xc  Code  Wk  stm32f7xx_hal.o [1]
HAL_IncTick             0x08004c9d   0x10  Code  Wk  stm32f7xx_hal.o [1]
HAL_Init                0x08002925   0x16  Code  Gb  stm32f7xx_hal.o [1]
HAL_InitTick            0x08003cc9   0x40  Code  Wk  stm32f7xx_hal.o [1]
HAL_MspInit             0x08003d09   0x30  Code  Gb  stm32f7xx_hal_msp.o [1]
HAL_NVIC_EnableIRQ      0x080026ab   0x16  Code  Gb  stm32f7xx_hal_cortex.o [1]
HAL_NVIC_SetPriority    0x08002671   0x3a  Code  Gb  stm32f7xx_hal_cortex.o [1]
HAL_NVIC_SetPriorityGrouping
                        0x08002657   0x1a  Code  Gb  stm32f7xx_hal_cortex.o [1]
HAL_PWREx_EnableOverDrive
                        0x08003169   0x48  Code  Gb  stm32f7xx_hal_pwr_ex.o [1]
HAL_RCCEx_PeriphCLKConfig
                        0x080031e1  0x448  Code  Gb  stm32f7xx_hal_rcc_ex.o [1]
HAL_RCC_ClockConfig     0x08002fc7   0xf6  Code  Gb  stm32f7xx_hal_rcc.o [1]
HAL_RCC_GetPCLK1Freq    0x0800311d   0x10  Code  Gb  stm32f7xx_hal_rcc.o [1]
HAL_RCC_GetPCLK2Freq    0x0800312d    0xe  Code  Gb  stm32f7xx_hal_rcc.o [1]
HAL_RCC_GetSysClockFreq
                        0x080030d1   0x4c  Code  Gb  stm32f7xx_hal_rcc.o [1]
HAL_RCC_OscConfig       0x08002cfd  0x2ca  Code  Gb  stm32f7xx_hal_rcc.o [1]
HAL_SYSTICK_Config      0x080026c1   0x28  Code  Gb  stm32f7xx_hal_cortex.o [1]
HAL_TIMEx_Break2Callback
                        0x0800244b    0x2  Code  Wk  stm32f7xx_hal_tim_ex.o [1]
HAL_TIMEx_BreakCallback
                        0x08002449    0x2  Code  Wk  stm32f7xx_hal_tim_ex.o [1]
HAL_TIMEx_CommutCallback
                        0x0800244f    0x2  Code  Wk  stm32f7xx_hal_tim_ex.o [1]
HAL_TIMEx_ConfigBreakDeadTime
                        0x080025b7   0x7c  Code  Gb  stm32f7xx_hal_tim_ex.o [1]
HAL_TIMEx_MasterConfigSynchronization
                        0x08002565   0x52  Code  Gb  stm32f7xx_hal_tim_ex.o [1]
HAL_TIM_Base_Init       0x08001a65   0x1a  Code  Gb  stm32f7xx_hal_tim.o [1]
HAL_TIM_Base_MspInit    0x0800234d   0x74  Code  Gb  tim.o [1]
HAL_TIM_Base_Start_IT   0x08001a7f   0x28  Code  Gb  stm32f7xx_hal_tim.o [1]
HAL_TIM_ConfigClockSource
                        0x08001dc9   0x90  Code  Gb  stm32f7xx_hal_tim.o [1]
HAL_TIM_IC_CaptureCallback
                        0x08002443    0x2  Code  Wk  stm32f7xx_hal_tim.o [1]
HAL_TIM_IRQHandler      0x08001b41  0x15c  Code  Gb  stm32f7xx_hal_tim.o [1]
HAL_TIM_MspPostInit     0x080023c1   0x4a  Code  Gb  tim.o [1]
HAL_TIM_OC_DelayElapsedCallback
                        0x08002445    0x2  Code  Wk  stm32f7xx_hal_tim.o [1]
HAL_TIM_PWM_ConfigChannel
                        0x08001ca3  0x104  Code  Gb  stm32f7xx_hal_tim.o [1]
HAL_TIM_PWM_Init        0x08001ac9   0x1a  Code  Gb  stm32f7xx_hal_tim.o [1]
HAL_TIM_PWM_MspInit     0x08002441    0x2  Code  Wk  stm32f7xx_hal_tim.o [1]
HAL_TIM_PWM_PulseFinishedCallback
                        0x08002451    0x2  Code  Wk  stm32f7xx_hal_tim.o [1]
HAL_TIM_PWM_Start       0x08001aeb   0x1e  Code  Gb  stm32f7xx_hal_tim.o [1]
HAL_TIM_PeriodElapsedCallback
                        0x08002447    0x2  Code  Wk  stm32f7xx_hal_tim.o [1]
HAL_TIM_TriggerCallback
                        0x0800244d    0x2  Code  Wk  stm32f7xx_hal_tim.o [1]
HAL_UART_ErrorCallback  0x08004b9d    0x2  Code  Wk  stm32f7xx_hal_uart.o [1]
HAL_UART_Init           0x0800368d   0x30  Code  Gb  stm32f7xx_hal_uart.o [1]
HAL_UART_MspInit        0x08002add  0x15e  Code  Gb  usart.o [1]
HAL_UART_Receive_DMA    0x080037bb   0x92  Code  Gb  stm32f7xx_hal_uart.o [1]
HAL_UART_RxCpltCallback
                        0x08004b99    0x2  Code  Wk  stm32f7xx_hal_uart.o [1]
HAL_UART_RxHalfCpltCallback
                        0x08004b9b    0x2  Code  Wk  stm32f7xx_hal_uart.o [1]
HAL_UART_Transmit       0x0800370b   0xb0  Code  Gb  stm32f7xx_hal_uart.o [1]
HEAP$$Base              0x20004150          --   Gb  - Linker created -
HEAP$$Limit             0x20004350          --   Gb  - Linker created -
HardFault_Handler       0x08004c4f    0x2  Code  Gb  stm32f7xx_it.o [1]
Init_gain_value         0x08004a35   0x26  Code  Gb  pid_control.o [1]
Init_pwm                0x0800489d   0x36  Code  Gb  mixer.o [1]
Initialize              0x08002c99   0x22  Code  Gb  main_process.o [1]
LoadInt                 0x0800086f   0x6e  Code  Lc  xprintffull.o [3]
MTIDATA                 0x20004914   0x34  Data  Gb  sensor_mti3.o [1]
MX_DMA_Init             0x08002a15   0x40  Code  Gb  dma.o [1]
MX_GPIO_Init            0x0800293d   0xb2  Code  Gb  gpio.o [1]
MX_TIM1_Init            0x080021d5  0x10a  Code  Gb  tim.o [1]
MX_TIM6_Init            0x080022e7   0x20  Code  Gb  tim.o [1]
MX_TIM7_Init            0x08002307   0x20  Code  Gb  tim.o [1]
MX_USART1_UART_Init     0x08002a55   0x10  Code  Gb  usart.o [1]
MX_USART2_UART_Init     0x08002a65   0x3e  Code  Gb  usart.o [1]
MX_USART3_UART_Init     0x08002aab   0x10  Code  Gb  usart.o [1]
MemManage_Handler       0x08004c51    0x2  Code  Gb  stm32f7xx_it.o [1]
Mixer                   0x080048d9  0x12a  Code  Gb  mixer.o [1]
NMI_Handler             0x08004c4d    0x2  Code  Gb  stm32f7xx_it.o [1]
PendSV_Handler          0x08004c5b    0x2  Code  Gb  stm32f7xx_it.o [1]
RPY                     0x2000499c   0x18  Data  Gb  main.o [1]
Region$$Table$$Base     0x08004d70          --   Gb  - Linker created -
Region$$Table$$Limit    0x08004d90          --   Gb  - Linker created -
SBUS                    0x20004790   0x74  Data  Gb  main.o [1]
SENSOR                  0x20004948   0x30  Data  Gb  main.o [1]
SVC_Handler             0x08004c57    0x2  Code  Gb  stm32f7xx_it.o [1]
Sbus_decode             0x080040c5  0x4c4  Code  Gb  sbus.o [1]
Sbus_init               0x080040a9    0x8  Code  Gb  sbus.o [1]
Sbus_read               0x080040c1    0x4  Code  Gb  sbus.o [1]
Sbus_start              0x080040b1   0x10  Code  Gb  sbus.o [1]
Sensor_read             0x08004681   0x8c  Code  Gb  sensor_mti3.o [1]
Sensor_start            0x08004641   0x22  Code  Gb  sensor_mti3.o [1]
SysTick_Handler         0x08004c5d    0x4  Code  Gb  stm32f7xx_it.o [1]
SystemClock_Config      0x0800248d   0xa8  Code  Gb  main.o [1]
SystemCoreClock         0x2000000c    0x4  Data  Gb  system_stm32f7xx.o [1]
SystemInit              0x08004bed   0x3a  Code  Gb  system_stm32f7xx.o [1]
TIM6_DAC_IRQHandler     0x08004c6d   0x10  Code  Gb  stm32f7xx_it.o [1]
TIM7_IRQHandler         0x08004c7d   0x10  Code  Gb  stm32f7xx_it.o [1]
TIM_Base_SetConfig      0x08001e83   0xa2  Code  Gb  stm32f7xx_hal_tim.o [1]
TIM_CCxChannelCmd       0x080021b7   0x1c  Code  Gb  stm32f7xx_hal_tim.o [1]
TIM_ETR_SetConfig       0x080021a3   0x14  Code  Gb  stm32f7xx_hal_tim.o [1]
TIM_ITRx_SetConfig      0x08002193   0x10  Code  Lc  stm32f7xx_hal_tim.o [1]
TIM_OC1_SetConfig       0x08001f25   0x4e  Code  Lc  stm32f7xx_hal_tim.o [1]
TIM_OC2_SetConfig       0x08001f73   0x58  Code  Gb  stm32f7xx_hal_tim.o [1]
TIM_OC3_SetConfig       0x08001fd9   0x5c  Code  Lc  stm32f7xx_hal_tim.o [1]
TIM_OC4_SetConfig       0x0800203d   0x46  Code  Lc  stm32f7xx_hal_tim.o [1]
TIM_OC5_SetConfig       0x08002083   0x3c  Code  Lc  stm32f7xx_hal_tim.o [1]
TIM_OC6_SetConfig       0x080020bf   0x3e  Code  Lc  stm32f7xx_hal_tim.o [1]
TIM_TI1_ConfigInputStage
                        0x0800214d   0x22  Code  Lc  stm32f7xx_hal_tim.o [1]
TIM_TI2_ConfigInputStage
                        0x0800216f   0x24  Code  Lc  stm32f7xx_hal_tim.o [1]
Tim6Loop                0x08002cbb   0x26  Code  Gb  main_process.o [1]
Tim7Loop                0x08002ce1    0xa  Code  Gb  main_process.o [1]
UART_AdvFeatureConfig   0x08003aa1   0xc6  Code  Gb  stm32f7xx_hal_uart.o [1]
UART_CheckIdleState     0x08003b67   0x3e  Code  Gb  stm32f7xx_hal_uart.o [1]
UART_DMAError           0x08003c79   0x4e  Code  Lc  stm32f7xx_hal_uart.o [1]
UART_DMAReceiveCplt     0x08003c39   0x38  Code  Lc  stm32f7xx_hal_uart.o [1]
UART_DMARxHalfCplt      0x08003c71    0x6  Code  Lc  stm32f7xx_hal_uart.o [1]
UART_EndRxTransfer      0x08003c1b   0x1e  Code  Lc  stm32f7xx_hal_uart.o [1]
UART_EndTxTransfer      0x08003c0b   0x10  Code  Lc  stm32f7xx_hal_uart.o [1]
UART_SetConfig          0x08003855  0x224  Code  Gb  stm32f7xx_hal_uart.o [1]
UART_WaitOnFlagUntilTimeout
                        0x08003ba5   0x58  Code  Gb  stm32f7xx_hal_uart.o [1]
UsageFault_Handler      0x08004c55    0x2  Code  Gb  stm32f7xx_it.o [1]
_EncodingSb_Mbtowc      0x080019ef   0x30  Code  Gb  xencoding_sb.o [3]
_EncodingSb_Mbtowc::initial
                        0x08001a2c    0x8  Data  Lc  xencoding_sb.o [3]
_EncodingSb_Wctomb      0x080019d5   0x1a  Code  Gb  xencoding_sb.o [3]
_EncodingSb_Wctomb::initial
                        0x08001a24    0x8  Data  Lc  xencoding_sb.o [3]
_GenldFull              0x080010f5  0x254  Code  Lc  xprintffull.o [3]
_IsdstStr               0x200000dc    0x4  Data  Gb  setlocale.o [3]
_LdtobFull              0x08000cf5  0x3fa  Code  Lc  xprintffull.o [3]
_LitobFull              0x08000be9  0x10a  Code  Lc  xprintffull.o [3]
_LocaleEncoding         0x080019c1    0xe  Code  Gb  setlocale.o [3]
_LocaleReturnString     0x200000fc   0x50  Data  Lc  setlocale.o [3]
_Locale_Profile         0x200000e0   0x1c  Data  Gb  setlocale.o [3]
_Locale_aeabi_lconv     0x200000a0   0x38  Data  Gb  localeconv.o [3]
_Locale_lconv           0x20000050   0x50  Data  Gb  localeconv.o [3]
_Mbtowc                 0x08001393   0x20  Code  Gb  xmbtowc.o [3]
_PrintfFull             0x080001f9  0x660  Code  Gb  xprintffull.o [3]
_Prout                  0x08004dd5   0x16  Code  Gb  xprout.o [3]
_PutcharsFull           0x08001349   0x2e  Code  Lc  xprintffull.o [3]
_PutstrFull             0x080008dd  0x306  Code  Lc  xprintffull.o [3]
_TzoneStr               0x200000d8    0x4  Data  Gb  setlocale.o [3]
_Wctomb                 0x08001519   0x1a  Code  Gb  xwctomb.o [3]
__NVIC_SetPriority      0x0800263d   0x1a  Code  Lc  stm32f7xx_hal_cortex.o [1]
__aeabi_cdcmple         0x08001761         Code  Gb  DblCmpLe.o [4]
__aeabi_cdrcmple        0x08001791         Code  Gb  DblCmpGe.o [4]
__aeabi_d2iz            0x080018d5    0xe  Code  Gb  DblToS32.o [4]
__aeabi_d2uiz           0x08001927    0xe  Code  Gb  DblToU32.o [4]
__aeabi_ddiv            0x08001915   0x12  Code  Gb  DblDiv.o [4]
__aeabi_dmul            0x08001903   0x12  Code  Gb  DblMul.o [4]
__aeabi_dsub            0x080018f1   0x12  Code  Gb  DblSub.o [4]
__aeabi_i2d             0x080018e3    0xe  Code  Gb  S32ToDbl.o [4]
__aeabi_ldiv0           0x08001a61         Code  Gb  I64DivZer.o [5]
__aeabi_memclr4         0x08002455         Code  Gb  ABImemclr4.o [5]
__aeabi_ui2d            0x08001935    0xe  Code  Gb  U32ToDbl.o [4]
__aeabi_uldivmod        0x0800162d         Code  Gb  I64DivMod.o [5]
__cmain                 0x08004d91         Code  Gb  cmain.o [5]
__data_Aldata           0x200049c0    0x8  Data  Gb  xxmemxmalloc.o [3]
__data_GetMemChunk      0x08001a35   0x2c  Code  Gb  xgetmemchunk.o [3]
__data_GetMemChunk::start
                        0x200049d8    0x4  Data  Lc  xgetmemchunk.o [3]
__exit                  0x08004dc1   0x14  Code  Gb  exit.o [6]
__iar_Dnorm             0x0800171b   0x44  Code  Gb  xdnorm.o [4]
__iar_Dscale            0x080017c1  0x114  Code  Gb  xdscale.o [4]
__iar_Locale_lconv_init
                        0x08001945   0x3a  Code  Gb  localeconv.o [3]
__iar_Mbcurmax          0x0800145d    0xa  Code  Gb  xmbcurmax.o [3]
__iar_Memchr            0x08001405         Code  Gb  memchr.o [5]
__iar_Memset4_word      0x080028f1         Code  Gb  ABImemset48.o [5]
__iar_Memset8_word      0x080028f1         Code  Gb  ABImemset48.o [5]
__iar_Stdout            0x20000010   0x40  Data  Gb  xfiles.o [3]
__iar_Strchr            0x080013b5         Code  Gb  strchr.o [5]
__iar_data_init3        0x08004d25   0x28  Code  Gb  data_init.o [5]
__iar_dlib_perthread_access
                        0x08001a63    0x2  Code  Gb  xtls.o [3]
__iar_init_vfp          0x08004d4d         Code  Gb  fpinit_M.o [4]
__iar_packbits_init_single3
                        0x08004ced   0x38  Code  Gb  packbits_init_single.o [5]
__iar_program_start     0x08004e09         Code  Gb  cstartup_M.o [5]
__iar_unaligned___aeabi_memcpy
                        0x08001535         Code  Gb  ABImemcpy_unaligned.o [5]
__iar_unaligned___aeabi_memcpy4
                        0x08001555         Code  Gb  ABImemcpy_unaligned.o [5]
__iar_unaligned___aeabi_memcpy8
                        0x08001555         Code  Gb  ABImemcpy_unaligned.o [5]
__iar_zero_init3        0x08004cad   0x40  Code  Gb  zero_init3.o [5]
__low_level_init        0x08004dab    0x4  Code  Gb  low_level_init.o [3]
__vector_table          0x08000000         Data  Gb  startup_stm32f767xx.o [1]
_call_main              0x08004d9d         Code  Gb  cmain.o [5]
_exit                   0x08004db5         Code  Gb  cexit.o [5]
_main                   0x08004da7         Code  Gb  cmain.o [5]
div                     0x080019b1    0xe  Code  Gb  div.o [3]
exit                    0x08004daf    0x4  Code  Gb  exit.o [3]
fputc                   0x08002535   0x14  Code  Gb  main.o [1]
free                    0x080015ad   0x7a  Code  Gb  xxmemxfree.o [3]
hdma_usart2_rx          0x20004550   0x60  Data  Gb  usart.o [1]
hdma_usart3_rx          0x200045b0   0x60  Data  Gb  usart.o [1]
htim1                   0x20004854   0x40  Data  Gb  tim.o [1]
htim6                   0x20004894   0x40  Data  Gb  tim.o [1]
htim7                   0x200048d4   0x40  Data  Gb  tim.o [1]
huart1                  0x20004610   0x80  Data  Gb  usart.o [1]
huart2                  0x20004690   0x80  Data  Gb  usart.o [1]
huart3                  0x20004710   0x80  Data  Gb  usart.o [1]
localeconv              0x0800197f   0x16  Code  Gb  localeconv.o [3]
main                    0x0800245d   0x30  Code  Gb  main.o [1]
malloc                  0x08001469   0xac  Code  Gb  xxmemxmalloc.o [3]
memchr                  0x08001405         Code  Gb  memchr.o [5]
obuf                    0x20004804   0x50  Data  Lc  xfiles.o [3]
printf                  0x08004bc9   0x24  Code  Gb  printf.o [3]
putchar                 0x08004ded    0xc  Code  Gb  putchar.o [3]
sbus_data_head          0x200049d4    0x2  Data  Lc  sbus.o [1]
sbus_data_tail          0x200049d2    0x2  Data  Lc  sbus.o [1]
sbus_rcv_data           0x20004350  0x100  Data  Lc  sbus.o [1]
sensor_counter          0x200049d0    0x2  Data  Gb  main_process.o [1]
sensor_data_head        0x200049cc    0x2  Data  Lc  sensor_mti3.o [1]
sensor_data_tail        0x200049ca    0x2  Data  Lc  sensor_mti3.o [1]
sensor_rcv_data         0x20004450  0x100  Data  Lc  sensor_mti3.o [1]
status                  0x200049c8    0x1  Data  Gb  sensor_mti3.o [1]
strchr                  0x080013b5         Code  Gb  strchr.o [5]
strlen                  0x080013cd         Code  Gb  strlen.o [5]
tim6_loop_counter       0x200049ce    0x2  Data  Lc  main_process.o [1]
uwTick                  0x20000004    0x4  Data  Gb  stm32f7xx_hal.o [1]
uwTickFreq              0x20000000    0x1  Data  Gb  stm32f7xx_hal.o [1]
uwTickPrio              0x20000008    0x4  Data  Gb  stm32f7xx_hal.o [1]


[1] = D:\github\2019_Drone\pid\2019_Drone_rate\EWARM\2019_Drone\Obj
[2] = command line
[3] = dl7M_tlf.a
[4] = m7M_tlv.a
[5] = rt7M_tl.a
[6] = shb_l.a

  20 370 bytes of readonly  code memory
      98 bytes of readonly  data memory
  18 904 bytes of readwrite data memory

Errors: none
Warnings: none
